2026-04-26 23:21:29,747 - INFO - Accelerator: num_processes=2, mixed_precision=bf16, device=cuda:0
2026-04-26 23:21:29,747 - INFO - Validation sampler: heun
2026-04-26 23:21:30,050 - INFO - Loading class map from /home/hmolin/3DGen-Playground/object_labels/image_kmeans_k103/object_to_class.json
2026-04-26 23:21:30,197 - INFO - Number of classes: 103
2026-04-26 23:21:30,197 - INFO - Creating base dataset...
2026-04-26 23:21:30,197 - INFO - Loading sphere2plane permutation from /home/tiangexiang/gen3d/gaussianverse/sphere2plane.npy
2026-04-26 23:21:30,199 - INFO - Loading sphere2plane permutation from /home/tiangexiang/gen3d/gaussianverse/sphere2plane.npy
2026-04-26 23:21:30,201 - INFO - Loading obj list from /home/tiangexiang/gen3d/gaussianverse/all_obj_list_filtered.json
2026-04-26 23:21:30,201 - INFO - Loading obj list from /home/tiangexiang/gen3d/gaussianverse/all_obj_list_filtered.json
2026-04-26 23:21:30,385 - INFO - Loaded 254338 entries from /home/tiangexiang/gen3d/gaussianverse/all_obj_list_filtered.json
2026-04-26 23:21:30,387 - INFO - Loaded 254338 entries from /home/tiangexiang/gen3d/gaussianverse/all_obj_list_filtered.json
2026-04-26 23:21:30,391 - INFO - Total merged entries: 254338
2026-04-26 23:21:30,393 - INFO - Total merged entries: 254338
2026-04-26 23:21:30,399 - INFO - Loading normalization statistics from /home/hmolin/3DGen-Playground/data/stats/all_mean.pt and /home/hmolin/3DGen-Playground/data/stats/all_std.pt
2026-04-26 23:21:30,401 - INFO - Loading normalization statistics from /home/hmolin/3DGen-Playground/data/stats/all_mean.pt and /home/hmolin/3DGen-Playground/data/stats/all_std.pt
2026-04-26 23:21:30,411 - INFO - Initialized dataset with 254338 samples
2026-04-26 23:21:30,411 - INFO - Initialized dataset with 254338 samples
2026-04-26 23:21:30,412 - INFO - sh_degree0_only: selecting 14 features from 59
2026-04-26 23:21:30,473 - INFO - Loaded sphere2plane permutation: 16384 points
2026-04-26 23:21:30,716 - INFO - Class3DGenDataset: 254337 valid samples, 1 skipped (class -1 or missing)
2026-04-26 23:21:30,726 - INFO - Class3DGenDataset: 254337 valid samples, 1 skipped (class -1 or missing)
2026-04-26 23:21:30,736 - INFO - [class-balanced] sampling with inverse-frequency weights over 103 classes (min=791, max=4760, mean=2469.3 samples/class)
2026-04-26 23:21:30,737 - INFO - Dataset size: 254337, Per-GPU batch size: 16
2026-04-26 23:21:30,737 - INFO - Creating model: JiT-B/8
2026-04-26 23:21:32,430 - INFO - JiT spatial folding: disabled (factor=1)
2026-04-26 23:21:32,431 - INFO - Model parameters: 130,721,664 (130.7M)
2026-04-26 23:21:32,777 - INFO - Diffusion timesteps: 1000, predict=x0, schedule=squaredcos_cap_v2
2026-04-26 23:21:32,778 - INFO - Training mode: DDPM (sampler=heun), timestep sampling: sigmoid(N(0.000, 1.000)) mapped to discrete steps [0, 999]
2026-04-26 23:21:34,286 - INFO - LR schedule: cosine | warmup=500 opt steps | max_opt_steps=556360 | lr_min=1e-05
2026-04-26 23:21:34,331 - INFO - [channel_loss_weights] active: 14 values, mean=1.0000, min=0.6440, max=1.7350
2026-04-26 23:21:34,495 - INFO - Loaded 52 reference cameras from /home/hmolin/3DGen-Playground/artifacts/ref_camera.tar.gz
/home/hmolin/3DGen-Playground/.3dgen/lib/python3.10/site-packages/torchvision/models/_utils.py:208: UserWarning: The parameter 'pretrained' is deprecated since 0.13 and may be removed in the future, please use 'weights' instead.
  warnings.warn(
/home/hmolin/3DGen-Playground/.3dgen/lib/python3.10/site-packages/torchvision/models/_utils.py:208: UserWarning: The parameter 'pretrained' is deprecated since 0.13 and may be removed in the future, please use 'weights' instead.
  warnings.warn(
/home/hmolin/3DGen-Playground/.3dgen/lib/python3.10/site-packages/torchvision/models/_utils.py:223: UserWarning: Arguments other than a weight enum or `None` for 'weights' are deprecated since 0.13 and may be removed in the future. The current behavior is equivalent to passing `weights=VGG16_Weights.IMAGENET1K_V1`. You can also use `weights=VGG16_Weights.DEFAULT` to get the most up-to-date weights.
  warnings.warn(msg)
/home/hmolin/3DGen-Playground/.3dgen/lib/python3.10/site-packages/torchvision/models/_utils.py:223: UserWarning: Arguments other than a weight enum or `None` for 'weights' are deprecated since 0.13 and may be removed in the future. The current behavior is equivalent to passing `weights=VGG16_Weights.IMAGENET1K_V1`. You can also use `weights=VGG16_Weights.DEFAULT` to get the most up-to-date weights.
  warnings.warn(msg)
2026-04-26 23:21:37,330 - INFO - Starting training from epoch 0, step 0...
2026-04-26 23:21:37,331 - INFO - [render_weight_schedule] active with 2 control points: (50000, rl1=0.000, a=0.000, lp=0.0000), (80000, rl1=0.600, a=0.300, lp=0.0400) | initial weights at step 0: rl1=0.0000, alpha=0.0000, lpips=0.0000
2026-04-26 23:22:43,484 - INFO - Step     200 | Epoch   0 | MSE: 0.7793 | Steps/sec: 3.02 | LR: 8.00e-05 | cos(c,null): -0.0032 | GradNorm: 0.1944 | MSE/t: [0.00-0.25]0.792(n=434) [0.25-0.50]0.764(n=1156) [0.50-0.75]0.780(n=1151) [0.75-1.00]0.805(n=459)
2026-04-26 23:22:43,997 - INFO - [cond] cfg_signal=0.0716 (min=0.0467 max=0.1219, n=16) | class_signal=0.0813 (min=0.0305 max=0.1364, n=16) | pred_rms=0.2461
2026-04-26 23:23:48,025 - INFO - Step     400 | Epoch   0 | MSE: 0.5900 | Steps/sec: 3.12 | LR: 1.60e-04 | cos(c,null): -0.0029 | GradNorm: 0.1652 | MSE/t: [0.00-0.25]0.645(n=457) [0.25-0.50]0.607(n=1156) [0.50-0.75]0.572(n=1164) [0.75-1.00]0.535(n=423)
2026-04-26 23:23:48,513 - INFO - [cond] cfg_signal=0.0649 (min=0.0428 max=0.0977, n=16) | class_signal=0.0582 (min=0.0289 max=0.1119, n=16) | pred_rms=0.2304
2026-04-26 23:24:52,397 - INFO - Step     600 | Epoch   0 | MSE: 0.5589 | Steps/sec: 3.13 | LR: 2.00e-04 | cos(c,null): -0.0034 | GradNorm: 0.1167 | MSE/t: [0.00-0.25]0.649(n=439) [0.25-0.50]0.578(n=1153) [0.50-0.75]0.540(n=1147) [0.75-1.00]0.472(n=461)
2026-04-26 23:24:52,923 - INFO - [cond] cfg_signal=0.0471 (min=0.0279 max=0.0713, n=16) | class_signal=0.0509 (min=0.0249 max=0.0919, n=16) | pred_rms=0.2254
2026-04-26 23:25:56,789 - INFO - Step     800 | Epoch   0 | MSE: 0.5464 | Steps/sec: 3.13 | LR: 2.00e-04 | cos(c,null): -0.0036 | GradNorm: 0.1026 | MSE/t: [0.00-0.25]0.620(n=485) [0.25-0.50]0.578(n=1109) [0.50-0.75]0.512(n=1150) [0.75-1.00]0.479(n=456)
2026-04-26 23:25:57,294 - INFO - [cond] cfg_signal=0.0410 (min=0.0255 max=0.0678, n=16) | class_signal=0.0489 (min=0.0189 max=0.0869, n=16) | pred_rms=0.2445
2026-04-26 23:27:00,760 - INFO - Step    1000 | Epoch   0 | MSE: 0.5205 | Steps/sec: 3.15 | LR: 2.00e-04 | cos(c,null): -0.0035 | GradNorm: 0.0800 | MSE/t: [0.00-0.25]0.625(n=435) [0.25-0.50]0.548(n=1136) [0.50-0.75]0.479(n=1177) [0.75-1.00]0.459(n=452)
2026-04-26 23:27:01,253 - INFO - [cond] cfg_signal=0.0442 (min=0.0317 max=0.0672, n=16) | class_signal=0.0450 (min=0.0304 max=0.0696, n=16) | pred_rms=0.2778
2026-04-26 23:27:10,456 - INFO - [validation] saved: output/jit_JiT-B_8_kmeans_k103/dit_validation/epoch_000_step_0001000_class049.png (class=49, sampler=heun, steps=100)
2026-04-26 23:28:14,838 - INFO - Step    1200 | Epoch   0 | MSE: 0.5081 | Steps/sec: 2.72 | LR: 2.00e-04 | cos(c,null): -0.0037 | GradNorm: 0.0728 | MSE/t: [0.00-0.25]0.610(n=383) [0.25-0.50]0.548(n=1150) [0.50-0.75]0.464(n=1237) [0.75-1.00]0.440(n=430)
2026-04-26 23:28:15,345 - INFO - [cond] cfg_signal=0.0443 (min=0.0303 max=0.0574, n=16) | class_signal=0.0487 (min=0.0290 max=0.0721, n=16) | pred_rms=0.3072
2026-04-26 23:29:17,945 - INFO - Step    1400 | Epoch   0 | MSE: 0.5170 | Steps/sec: 3.19 | LR: 2.00e-04 | cos(c,null): -0.0038 | GradNorm: 0.0755 | MSE/t: [0.00-0.25]0.586(n=441) [0.25-0.50]0.566(n=1144) [0.50-0.75]0.467(n=1162) [0.75-1.00]0.453(n=453)
2026-04-26 23:29:18,454 - INFO - [cond] cfg_signal=0.0329 (min=0.0212 max=0.0439, n=16) | class_signal=0.0408 (min=0.0270 max=0.0685, n=16) | pred_rms=0.3247
2026-04-26 23:30:22,667 - INFO - Step    1600 | Epoch   0 | MSE: 0.5092 | Steps/sec: 3.11 | LR: 2.00e-04 | cos(c,null): -0.0039 | GradNorm: 0.0633 | MSE/t: [0.00-0.25]0.593(n=435) [0.25-0.50]0.545(n=1177) [0.50-0.75]0.472(n=1126) [0.75-1.00]0.429(n=462)
2026-04-26 23:30:23,185 - INFO - [cond] cfg_signal=0.0372 (min=0.0192 max=0.0557, n=16) | class_signal=0.0398 (min=0.0239 max=0.0696, n=16) | pred_rms=0.3919
2026-04-26 23:31:26,768 - INFO - Step    1800 | Epoch   0 | MSE: 0.4921 | Steps/sec: 3.15 | LR: 2.00e-04 | cos(c,null): -0.0040 | GradNorm: 0.0589 | MSE/t: [0.00-0.25]0.558(n=435) [0.25-0.50]0.529(n=1165) [0.50-0.75]0.458(n=1178) [0.75-1.00]0.419(n=422)
2026-04-26 23:31:27,318 - INFO - [cond] cfg_signal=0.0386 (min=0.0223 max=0.0623, n=16) | class_signal=0.0403 (min=0.0182 max=0.0750, n=16) | pred_rms=0.4329
2026-04-26 23:32:32,305 - INFO - Step    2000 | Epoch   0 | MSE: 0.5026 | Steps/sec: 3.08 | LR: 2.00e-04 | cos(c,null): -0.0039 | GradNorm: 0.0741 | MSE/t: [0.00-0.25]0.598(n=423) [0.25-0.50]0.534(n=1141) [0.50-0.75]0.468(n=1163) [0.75-1.00]0.427(n=473)
2026-04-26 23:32:32,809 - INFO - [cond] cfg_signal=0.0460 (min=0.0263 max=0.0724, n=16) | class_signal=0.0421 (min=0.0257 max=0.0679, n=16) | pred_rms=0.3892
2026-04-26 23:32:41,123 - INFO - [validation] saved: output/jit_JiT-B_8_kmeans_k103/dit_validation/epoch_000_step_0002000_class053.png (class=53, sampler=heun, steps=100)
2026-04-26 23:33:43,920 - INFO - Step    2200 | Epoch   0 | MSE: 0.4951 | Steps/sec: 2.81 | LR: 2.00e-04 | cos(c,null): -0.0040 | GradNorm: 0.0554 | MSE/t: [0.00-0.25]0.615(n=411) [0.25-0.50]0.517(n=1133) [0.50-0.75]0.461(n=1189) [0.75-1.00]0.424(n=467)
2026-04-26 23:33:44,436 - INFO - [cond] cfg_signal=0.0334 (min=0.0219 max=0.0458, n=16) | class_signal=0.0398 (min=0.0235 max=0.0750, n=16) | pred_rms=0.4178
2026-04-26 23:34:48,468 - INFO - Step    2400 | Epoch   0 | MSE: 0.4992 | Steps/sec: 3.12 | LR: 2.00e-04 | cos(c,null): -0.0040 | GradNorm: 0.0618 | MSE/t: [0.00-0.25]0.600(n=416) [0.25-0.50]0.523(n=1166) [0.50-0.75]0.464(n=1161) [0.75-1.00]0.436(n=457)
2026-04-26 23:34:48,968 - INFO - [cond] cfg_signal=0.0377 (min=0.0282 max=0.0509, n=16) | class_signal=0.0413 (min=0.0233 max=0.0628, n=16) | pred_rms=0.4026
2026-04-26 23:35:53,263 - INFO - Step    2600 | Epoch   0 | MSE: 0.4893 | Steps/sec: 3.11 | LR: 2.00e-04 | cos(c,null): -0.0040 | GradNorm: 0.0619 | MSE/t: [0.00-0.25]0.583(n=446) [0.25-0.50]0.521(n=1183) [0.50-0.75]0.447(n=1167) [0.75-1.00]0.414(n=404)
2026-04-26 23:35:53,769 - INFO - [cond] cfg_signal=0.0436 (min=0.0307 max=0.0699, n=16) | class_signal=0.0506 (min=0.0271 max=0.0848, n=16) | pred_rms=0.3660
2026-04-26 23:36:56,815 - INFO - Step    2800 | Epoch   0 | MSE: 0.4838 | Steps/sec: 3.17 | LR: 2.00e-04 | cos(c,null): -0.0036 | GradNorm: 0.0533 | MSE/t: [0.00-0.25]0.576(n=439) [0.25-0.50]0.514(n=1161) [0.50-0.75]0.443(n=1168) [0.75-1.00]0.420(n=432)
2026-04-26 23:36:57,328 - INFO - [cond] cfg_signal=0.0438 (min=0.0324 max=0.0650, n=16) | class_signal=0.0458 (min=0.0209 max=0.0767, n=16) | pred_rms=0.3411
2026-04-26 23:37:59,959 - INFO - Step    3000 | Epoch   0 | MSE: 0.4951 | Steps/sec: 3.19 | LR: 2.00e-04 | cos(c,null): -0.0035 | GradNorm: 0.0586 | MSE/t: [0.00-0.25]0.648(n=437) [0.25-0.50]0.521(n=1119) [0.50-0.75]0.452(n=1210) [0.75-1.00]0.392(n=434)
2026-04-26 23:38:00,508 - INFO - [cond] cfg_signal=0.0508 (min=0.0318 max=0.0766, n=16) | class_signal=0.0517 (min=0.0293 max=0.0760, n=16) | pred_rms=0.3352
2026-04-26 23:38:09,291 - INFO - [validation] saved: output/jit_JiT-B_8_kmeans_k103/dit_validation/epoch_000_step_0003000_class033.png (class=33, sampler=heun, steps=100)
2026-04-26 23:39:13,901 - INFO - Step    3200 | Epoch   0 | MSE: 0.4862 | Steps/sec: 2.73 | LR: 2.00e-04 | cos(c,null): -0.0029 | GradNorm: 0.0522 | MSE/t: [0.00-0.25]0.604(n=418) [0.25-0.50]0.515(n=1205) [0.50-0.75]0.445(n=1136) [0.75-1.00]0.402(n=441)
2026-04-26 23:39:14,444 - INFO - [cond] cfg_signal=0.0430 (min=0.0296 max=0.0627, n=16) | class_signal=0.0522 (min=0.0298 max=0.0818, n=16) | pred_rms=0.3727
2026-04-26 23:40:17,482 - INFO - Step    3400 | Epoch   0 | MSE: 0.4929 | Steps/sec: 3.17 | LR: 2.00e-04 | cos(c,null): -0.0026 | GradNorm: 0.0541 | MSE/t: [0.00-0.25]0.580(n=428) [0.25-0.50]0.547(n=1156) [0.50-0.75]0.446(n=1175) [0.75-1.00]0.393(n=441)
2026-04-26 23:40:18,010 - INFO - [cond] cfg_signal=0.0479 (min=0.0319 max=0.0711, n=16) | class_signal=0.0502 (min=0.0235 max=0.0695, n=16) | pred_rms=0.3852
2026-04-26 23:41:21,134 - INFO - Step    3600 | Epoch   0 | MSE: 0.4935 | Steps/sec: 3.17 | LR: 2.00e-04 | cos(c,null): -0.0028 | GradNorm: 0.0527 | MSE/t: [0.00-0.25]0.582(n=457) [0.25-0.50]0.525(n=1149) [0.50-0.75]0.457(n=1136) [0.75-1.00]0.418(n=458)
2026-04-26 23:41:21,635 - INFO - [cond] cfg_signal=0.0462 (min=0.0309 max=0.0679, n=16) | class_signal=0.0506 (min=0.0305 max=0.0762, n=16) | pred_rms=0.3680
2026-04-26 23:42:25,518 - INFO - Step    3800 | Epoch   0 | MSE: 0.4775 | Steps/sec: 3.13 | LR: 2.00e-04 | cos(c,null): -0.0028 | GradNorm: 0.0437 | MSE/t: [0.00-0.25]0.591(n=420) [0.25-0.50]0.511(n=1170) [0.50-0.75]0.432(n=1164) [0.75-1.00]0.403(n=446)
2026-04-26 23:42:26,053 - INFO - [cond] cfg_signal=0.0446 (min=0.0341 max=0.0526, n=16) | class_signal=0.0496 (min=0.0305 max=0.0705, n=16) | pred_rms=0.3783
2026-04-26 23:43:28,409 - INFO - Step    4000 | Epoch   0 | MSE: 0.4965 | Steps/sec: 3.21 | LR: 2.00e-04 | cos(c,null): -0.0026 | GradNorm: 0.0462 | MSE/t: [0.00-0.25]0.582(n=427) [0.25-0.50]0.528(n=1200) [0.50-0.75]0.467(n=1162) [0.75-1.00]0.399(n=411)
2026-04-26 23:43:28,928 - INFO - [cond] cfg_signal=0.0445 (min=0.0371 max=0.0568, n=16) | class_signal=0.0447 (min=0.0249 max=0.0642, n=16) | pred_rms=0.4101
2026-04-26 23:43:37,345 - INFO - [validation] saved: output/jit_JiT-B_8_kmeans_k103/dit_validation/epoch_000_step_0004000_class062.png (class=62, sampler=heun, steps=100)
2026-04-26 23:44:41,171 - INFO - Step    4200 | Epoch   0 | MSE: 0.4826 | Steps/sec: 2.77 | LR: 2.00e-04 | cos(c,null): -0.0023 | GradNorm: 0.0460 | MSE/t: [0.00-0.25]0.576(n=434) [0.25-0.50]0.520(n=1182) [0.50-0.75]0.444(n=1166) [0.75-1.00]0.388(n=418)
2026-04-26 23:44:41,704 - INFO - [cond] cfg_signal=0.0555 (min=0.0404 max=0.0778, n=16) | class_signal=0.0586 (min=0.0382 max=0.0804, n=16) | pred_rms=0.3778
2026-04-26 23:45:45,741 - INFO - Step    4400 | Epoch   0 | MSE: 0.4944 | Steps/sec: 3.12 | LR: 2.00e-04 | cos(c,null): -0.0017 | GradNorm: 0.0463 | MSE/t: [0.00-0.25]0.617(n=473) [0.25-0.50]0.533(n=1168) [0.50-0.75]0.435(n=1143) [0.75-1.00]0.412(n=416)
2026-04-26 23:45:46,256 - INFO - [cond] cfg_signal=0.0487 (min=0.0336 max=0.0722, n=16) | class_signal=0.0534 (min=0.0360 max=0.0708, n=16) | pred_rms=0.4115
2026-04-26 23:46:50,048 - INFO - Step    4600 | Epoch   0 | MSE: 0.4915 | Steps/sec: 3.14 | LR: 2.00e-04 | cos(c,null): -0.0015 | GradNorm: 0.0474 | MSE/t: [0.00-0.25]0.643(n=464) [0.25-0.50]0.513(n=1172) [0.50-0.75]0.432(n=1155) [0.75-1.00]0.425(n=409)
2026-04-26 23:46:50,536 - INFO - [cond] cfg_signal=0.0534 (min=0.0351 max=0.0828, n=16) | class_signal=0.0557 (min=0.0306 max=0.0859, n=16) | pred_rms=0.3752
2026-04-26 23:47:53,220 - INFO - Step    4800 | Epoch   0 | MSE: 0.4805 | Steps/sec: 3.19 | LR: 2.00e-04 | cos(c,null): -0.0015 | GradNorm: 0.0431 | MSE/t: [0.00-0.25]0.574(n=450) [0.25-0.50]0.515(n=1143) [0.50-0.75]0.435(n=1168) [0.75-1.00]0.417(n=439)
2026-04-26 23:47:53,751 - INFO - [cond] cfg_signal=0.0524 (min=0.0403 max=0.0723, n=16) | class_signal=0.0515 (min=0.0319 max=0.0632, n=16) | pred_rms=0.4402
2026-04-26 23:48:56,649 - INFO - Step    5000 | Epoch   0 | MSE: 0.4828 | Steps/sec: 3.18 | LR: 2.00e-04 | cos(c,null): -0.0012 | GradNorm: 0.0598 | MSE/t: [0.00-0.25]0.600(n=436) [0.25-0.50]0.529(n=1123) [0.50-0.75]0.432(n=1207) [0.75-1.00]0.387(n=434)
2026-04-26 23:48:57,145 - INFO - [cond] cfg_signal=0.0578 (min=0.0426 max=0.0981, n=16) | class_signal=0.0559 (min=0.0366 max=0.0993, n=16) | pred_rms=0.3692
2026-04-26 23:49:05,498 - INFO - [validation] saved: output/jit_JiT-B_8_kmeans_k103/dit_validation/epoch_000_step_0005000_class100.png (class=100, sampler=heun, steps=100)
2026-04-26 23:50:09,219 - INFO - Step    5200 | Epoch   0 | MSE: 0.4774 | Steps/sec: 2.77 | LR: 2.00e-04 | cos(c,null): -0.0005 | GradNorm: 0.0432 | MSE/t: [0.00-0.25]0.592(n=445) [0.25-0.50]0.513(n=1161) [0.50-0.75]0.429(n=1168) [0.75-1.00]0.393(n=426)
2026-04-26 23:50:09,749 - INFO - [cond] cfg_signal=0.0507 (min=0.0358 max=0.0724, n=16) | class_signal=0.0510 (min=0.0324 max=0.0830, n=16) | pred_rms=0.4401
2026-04-26 23:51:12,728 - INFO - Step    5400 | Epoch   0 | MSE: 0.4809 | Steps/sec: 3.18 | LR: 2.00e-04 | cos(c,null): -0.0001 | GradNorm: 0.0367 | MSE/t: [0.00-0.25]0.587(n=457) [0.25-0.50]0.528(n=1101) [0.50-0.75]0.434(n=1194) [0.75-1.00]0.381(n=448)
2026-04-26 23:51:13,238 - INFO - [cond] cfg_signal=0.0464 (min=0.0344 max=0.0606, n=16) | class_signal=0.0532 (min=0.0360 max=0.0720, n=16) | pred_rms=0.4046
2026-04-26 23:52:17,272 - INFO - Step    5600 | Epoch   0 | MSE: 0.4793 | Steps/sec: 3.12 | LR: 2.00e-04 | cos(c,null): +0.0000 | GradNorm: 0.0369 | MSE/t: [0.00-0.25]0.580(n=446) [0.25-0.50]0.518(n=1140) [0.50-0.75]0.428(n=1179) [0.75-1.00]0.413(n=435)
2026-04-26 23:52:17,786 - INFO - [cond] cfg_signal=0.0486 (min=0.0357 max=0.0665, n=16) | class_signal=0.0519 (min=0.0332 max=0.0696, n=16) | pred_rms=0.4551
2026-04-26 23:53:20,857 - INFO - Step    5800 | Epoch   0 | MSE: 0.4768 | Steps/sec: 3.17 | LR: 2.00e-04 | cos(c,null): +0.0006 | GradNorm: 0.0423 | MSE/t: [0.00-0.25]0.615(n=422) [0.25-0.50]0.518(n=1144) [0.50-0.75]0.428(n=1184) [0.75-1.00]0.373(n=450)
2026-04-26 23:53:21,407 - INFO - [cond] cfg_signal=0.0665 (min=0.0381 max=0.0920, n=16) | class_signal=0.0599 (min=0.0405 max=0.0924, n=16) | pred_rms=0.4514
2026-04-26 23:54:24,764 - INFO - Step    6000 | Epoch   0 | MSE: 0.4795 | Steps/sec: 3.16 | LR: 2.00e-04 | cos(c,null): +0.0008 | GradNorm: 0.0409 | MSE/t: [0.00-0.25]0.585(n=413) [0.25-0.50]0.515(n=1196) [0.50-0.75]0.429(n=1160) [0.75-1.00]0.415(n=431)
2026-04-26 23:54:25,256 - INFO - [cond] cfg_signal=0.0543 (min=0.0391 max=0.0788, n=16) | class_signal=0.0580 (min=0.0341 max=0.0791, n=16) | pred_rms=0.4310
2026-04-26 23:54:33,632 - INFO - [validation] saved: output/jit_JiT-B_8_kmeans_k103/dit_validation/epoch_000_step_0006000_class061.png (class=61, sampler=heun, steps=100)
2026-04-26 23:55:36,345 - INFO - Step    6200 | Epoch   0 | MSE: 0.4841 | Steps/sec: 2.81 | LR: 2.00e-04 | cos(c,null): +0.0015 | GradNorm: 0.0394 | MSE/t: [0.00-0.25]0.602(n=474) [0.25-0.50]0.518(n=1163) [0.50-0.75]0.434(n=1144) [0.75-1.00]0.393(n=419)
2026-04-26 23:55:36,864 - INFO - [cond] cfg_signal=0.0542 (min=0.0379 max=0.0798, n=16) | class_signal=0.0540 (min=0.0349 max=0.0754, n=16) | pred_rms=0.4576
2026-04-26 23:56:40,662 - INFO - Step    6400 | Epoch   0 | MSE: 0.4809 | Steps/sec: 3.13 | LR: 2.00e-04 | cos(c,null): +0.0019 | GradNorm: 0.0410 | MSE/t: [0.00-0.25]0.600(n=419) [0.25-0.50]0.534(n=1183) [0.50-0.75]0.417(n=1164) [0.75-1.00]0.392(n=434)
2026-04-26 23:56:41,188 - INFO - [cond] cfg_signal=0.0546 (min=0.0408 max=0.0761, n=16) | class_signal=0.0577 (min=0.0379 max=0.0854, n=16) | pred_rms=0.4954
2026-04-26 23:57:45,132 - INFO - Step    6600 | Epoch   0 | MSE: 0.4779 | Steps/sec: 3.13 | LR: 2.00e-04 | cos(c,null): +0.0021 | GradNorm: 0.0359 | MSE/t: [0.00-0.25]0.589(n=431) [0.25-0.50]0.514(n=1180) [0.50-0.75]0.421(n=1173) [0.75-1.00]0.419(n=416)
2026-04-26 23:57:45,604 - INFO - [cond] cfg_signal=0.0486 (min=0.0382 max=0.0624, n=16) | class_signal=0.0566 (min=0.0349 max=0.0824, n=16) | pred_rms=0.4782
2026-04-26 23:58:48,385 - INFO - Step    6800 | Epoch   0 | MSE: 0.4793 | Steps/sec: 3.19 | LR: 2.00e-04 | cos(c,null): +0.0029 | GradNorm: 0.0436 | MSE/t: [0.00-0.25]0.595(n=445) [0.25-0.50]0.514(n=1132) [0.50-0.75]0.432(n=1169) [0.75-1.00]0.400(n=454)
2026-04-26 23:58:48,893 - INFO - [cond] cfg_signal=0.0538 (min=0.0383 max=0.0754, n=16) | class_signal=0.0612 (min=0.0351 max=0.0920, n=16) | pred_rms=0.5080
2026-04-26 23:59:51,906 - INFO - Step    7000 | Epoch   0 | MSE: 0.4856 | Steps/sec: 3.17 | LR: 2.00e-04 | cos(c,null): +0.0037 | GradNorm: 0.0373 | MSE/t: [0.00-0.25]0.586(n=440) [0.25-0.50]0.512(n=1144) [0.50-0.75]0.447(n=1178) [0.75-1.00]0.419(n=438)
2026-04-26 23:59:52,409 - INFO - [cond] cfg_signal=0.0563 (min=0.0358 max=0.0663, n=16) | class_signal=0.0573 (min=0.0364 max=0.0975, n=16) | pred_rms=0.5167
2026-04-27 00:00:00,887 - INFO - [validation] saved: output/jit_JiT-B_8_kmeans_k103/dit_validation/epoch_000_step_0007000_class074.png (class=74, sampler=heun, steps=100)
2026-04-27 00:01:05,786 - INFO - Step    7200 | Epoch   0 | MSE: 0.4760 | Steps/sec: 2.73 | LR: 2.00e-04 | cos(c,null): +0.0046 | GradNorm: 0.0385 | MSE/t: [0.00-0.25]0.599(n=457) [0.25-0.50]0.518(n=1139) [0.50-0.75]0.416(n=1158) [0.75-1.00]0.397(n=446)
2026-04-27 00:01:06,329 - INFO - [cond] cfg_signal=0.0564 (min=0.0407 max=0.0931, n=16) | class_signal=0.0627 (min=0.0389 max=0.0974, n=16) | pred_rms=0.4833
2026-04-27 00:02:08,694 - INFO - Step    7400 | Epoch   0 | MSE: 0.4809 | Steps/sec: 3.21 | LR: 2.00e-04 | cos(c,null): +0.0051 | GradNorm: 0.0461 | MSE/t: [0.00-0.25]0.614(n=417) [0.25-0.50]0.515(n=1173) [0.50-0.75]0.432(n=1176) [0.75-1.00]0.392(n=434)
2026-04-27 00:02:09,216 - INFO - [cond] cfg_signal=0.0544 (min=0.0416 max=0.0741, n=16) | class_signal=0.0589 (min=0.0342 max=0.0830, n=16) | pred_rms=0.5124
2026-04-27 00:03:11,795 - INFO - Step    7600 | Epoch   0 | MSE: 0.4666 | Steps/sec: 3.20 | LR: 2.00e-04 | cos(c,null): +0.0059 | GradNorm: 0.0425 | MSE/t: [0.00-0.25]0.579(n=414) [0.25-0.50]0.508(n=1208) [0.50-0.75]0.409(n=1143) [0.75-1.00]0.395(n=435)
2026-04-27 00:03:12,346 - INFO - [cond] cfg_signal=0.0565 (min=0.0373 max=0.0782, n=16) | class_signal=0.0640 (min=0.0392 max=0.0897, n=16) | pred_rms=0.5449
2026-04-27 00:04:16,922 - INFO - Step    7800 | Epoch   0 | MSE: 0.4664 | Steps/sec: 3.10 | LR: 2.00e-04 | cos(c,null): +0.0067 | GradNorm: 0.0356 | MSE/t: [0.00-0.25]0.582(n=448) [0.25-0.50]0.509(n=1144) [0.50-0.75]0.419(n=1164) [0.75-1.00]0.364(n=444)
2026-04-27 00:04:17,432 - INFO - [cond] cfg_signal=0.0566 (min=0.0398 max=0.0837, n=16) | class_signal=0.0652 (min=0.0343 max=0.0992, n=16) | pred_rms=0.5724
2026-04-27 00:05:22,110 - INFO - Step    8000 | Epoch   1 | MSE: 0.4814 | Steps/sec: 3.09 | LR: 2.00e-04 | cos(c,null): +0.0047 | GradNorm: 0.0387 | MSE/t: [0.00-0.25]0.573(n=446) [0.25-0.50]0.527(n=1149) [0.50-0.75]0.443(n=1147) [0.75-1.00]0.374(n=458)
2026-04-27 00:05:22,634 - INFO - [cond] cfg_signal=0.0558 (min=0.0391 max=0.0864, n=16) | class_signal=0.0648 (min=0.0421 max=0.1042, n=16) | pred_rms=0.5250
2026-04-27 00:05:31,114 - INFO - [validation] saved: output/jit_JiT-B_8_kmeans_k103/dit_validation/epoch_001_step_0008000_class064.png (class=64, sampler=heun, steps=100)
2026-04-27 00:06:35,651 - INFO - Step    8200 | Epoch   1 | MSE: 0.4725 | Steps/sec: 2.74 | LR: 2.00e-04 | cos(c,null): +0.0047 | GradNorm: 0.0424 | MSE/t: [0.00-0.25]0.592(n=431) [0.25-0.50]0.514(n=1228) [0.50-0.75]0.417(n=1119) [0.75-1.00]0.379(n=422)
2026-04-27 00:06:36,165 - INFO - [cond] cfg_signal=0.0624 (min=0.0426 max=0.0870, n=16) | class_signal=0.0617 (min=0.0416 max=0.0860, n=16) | pred_rms=0.5215
2026-04-27 00:07:38,779 - INFO - Step    8400 | Epoch   1 | MSE: 0.4738 | Steps/sec: 3.19 | LR: 2.00e-04 | cos(c,null): +0.0046 | GradNorm: 0.0370 | MSE/t: [0.00-0.25]0.586(n=414) [0.25-0.50]0.516(n=1172) [0.50-0.75]0.424(n=1165) [0.75-1.00]0.391(n=449)
2026-04-27 00:07:39,294 - INFO - [cond] cfg_signal=0.0750 (min=0.0407 max=0.0937, n=16) | class_signal=0.0632 (min=0.0406 max=0.0870, n=16) | pred_rms=0.5783
2026-04-27 00:08:43,140 - INFO - Step    8600 | Epoch   1 | MSE: 0.4819 | Steps/sec: 3.13 | LR: 2.00e-04 | cos(c,null): +0.0050 | GradNorm: 0.0424 | MSE/t: [0.00-0.25]0.605(n=431) [0.25-0.50]0.506(n=1161) [0.50-0.75]0.419(n=1173) [0.75-1.00]0.465(n=435)
2026-04-27 00:08:43,686 - INFO - [cond] cfg_signal=0.0615 (min=0.0410 max=0.0815, n=16) | class_signal=0.0687 (min=0.0432 max=0.1003, n=16) | pred_rms=0.5636
2026-04-27 00:09:46,526 - INFO - Step    8800 | Epoch   1 | MSE: 0.4656 | Steps/sec: 3.18 | LR: 2.00e-04 | cos(c,null): +0.0061 | GradNorm: 0.0391 | MSE/t: [0.00-0.25]0.572(n=444) [0.25-0.50]0.499(n=1163) [0.50-0.75]0.425(n=1170) [0.75-1.00]0.375(n=423)
2026-04-27 00:09:47,050 - INFO - [cond] cfg_signal=0.0630 (min=0.0458 max=0.0774, n=16) | class_signal=0.0650 (min=0.0363 max=0.0980, n=16) | pred_rms=0.5399
2026-04-27 00:10:49,732 - INFO - Step    9000 | Epoch   1 | MSE: 0.4705 | Steps/sec: 3.19 | LR: 2.00e-04 | cos(c,null): +0.0071 | GradNorm: 0.0338 | MSE/t: [0.00-0.25]0.599(n=439) [0.25-0.50]0.516(n=1177) [0.50-0.75]0.418(n=1147) [0.75-1.00]0.356(n=437)
2026-04-27 00:10:50,254 - INFO - [cond] cfg_signal=0.0620 (min=0.0414 max=0.0729, n=16) | class_signal=0.0653 (min=0.0404 max=0.1011, n=16) | pred_rms=0.5709
2026-04-27 00:10:59,033 - INFO - [validation] saved: output/jit_JiT-B_8_kmeans_k103/dit_validation/epoch_001_step_0009000_class036.png (class=36, sampler=heun, steps=100)
2026-04-27 00:12:02,431 - INFO - Step    9200 | Epoch   1 | MSE: 0.4725 | Steps/sec: 2.77 | LR: 2.00e-04 | cos(c,null): +0.0082 | GradNorm: 0.0417 | MSE/t: [0.00-0.25]0.596(n=445) [0.25-0.50]0.508(n=1115) [0.50-0.75]0.427(n=1162) [0.75-1.00]0.386(n=478)
2026-04-27 00:12:02,967 - INFO - [cond] cfg_signal=0.0629 (min=0.0483 max=0.0801, n=16) | class_signal=0.0663 (min=0.0424 max=0.0919, n=16) | pred_rms=0.5750
2026-04-27 00:13:06,995 - INFO - Step    9400 | Epoch   1 | MSE: 0.4708 | Steps/sec: 3.12 | LR: 2.00e-04 | cos(c,null): +0.0086 | GradNorm: 0.0329 | MSE/t: [0.00-0.25]0.564(n=425) [0.25-0.50]0.510(n=1173) [0.50-0.75]0.423(n=1158) [0.75-1.00]0.402(n=444)
2026-04-27 00:13:07,511 - INFO - [cond] cfg_signal=0.0527 (min=0.0397 max=0.0653, n=16) | class_signal=0.0648 (min=0.0409 max=0.0967, n=16) | pred_rms=0.5672
2026-04-27 00:14:10,788 - INFO - Step    9600 | Epoch   1 | MSE: 0.4807 | Steps/sec: 3.16 | LR: 2.00e-04 | cos(c,null): +0.0100 | GradNorm: 0.0350 | MSE/t: [0.00-0.25]0.608(n=433) [0.25-0.50]0.516(n=1204) [0.50-0.75]0.424(n=1120) [0.75-1.00]0.402(n=443)
2026-04-27 00:14:11,285 - INFO - [cond] cfg_signal=0.0635 (min=0.0471 max=0.0832, n=16) | class_signal=0.0644 (min=0.0393 max=0.0917, n=16) | pred_rms=0.5663
2026-04-27 00:15:14,152 - INFO - Step    9800 | Epoch   1 | MSE: 0.4749 | Steps/sec: 3.18 | LR: 2.00e-04 | cos(c,null): +0.0095 | GradNorm: 0.0364 | MSE/t: [0.00-0.25]0.604(n=468) [0.25-0.50]0.511(n=1139) [0.50-0.75]0.420(n=1178) [0.75-1.00]0.386(n=415)
2026-04-27 00:15:14,666 - INFO - [cond] cfg_signal=0.0585 (min=0.0438 max=0.0690, n=16) | class_signal=0.0683 (min=0.0397 max=0.0937, n=16) | pred_rms=0.5691
2026-04-27 00:16:17,808 - INFO - Step   10000 | Epoch   1 | MSE: 0.4682 | Steps/sec: 3.17 | LR: 2.00e-04 | cos(c,null): +0.0109 | GradNorm: 0.0324 | MSE/t: [0.00-0.25]0.586(n=440) [0.25-0.50]0.506(n=1177) [0.50-0.75]0.421(n=1140) [0.75-1.00]0.373(n=443)
2026-04-27 00:16:18,325 - INFO - [cond] cfg_signal=0.0632 (min=0.0515 max=0.0760, n=16) | class_signal=0.0654 (min=0.0444 max=0.0889, n=16) | pred_rms=0.5853
2026-04-27 00:16:26,700 - INFO - [validation] saved: output/jit_JiT-B_8_kmeans_k103/dit_validation/epoch_001_step_0010000_class096.png (class=96, sampler=heun, steps=100)
2026-04-27 00:17:31,107 - INFO - Step   10200 | Epoch   1 | MSE: 0.4851 | Steps/sec: 2.75 | LR: 2.00e-04 | cos(c,null): +0.0107 | GradNorm: 0.0388 | MSE/t: [0.00-0.25]0.619(n=451) [0.25-0.50]0.520(n=1197) [0.50-0.75]0.438(n=1103) [0.75-1.00]0.375(n=449)
2026-04-27 00:17:31,606 - INFO - [cond] cfg_signal=0.0636 (min=0.0494 max=0.0844, n=16) | class_signal=0.0703 (min=0.0408 max=0.0963, n=16) | pred_rms=0.5870
2026-04-27 00:18:34,058 - INFO - Step   10400 | Epoch   1 | MSE: 0.4708 | Steps/sec: 3.20 | LR: 2.00e-04 | cos(c,null): +0.0104 | GradNorm: 0.0321 | MSE/t: [0.00-0.25]0.584(n=434) [0.25-0.50]0.514(n=1138) [0.50-0.75]0.417(n=1159) [0.75-1.00]0.395(n=469)
2026-04-27 00:18:34,577 - INFO - [cond] cfg_signal=0.0642 (min=0.0454 max=0.0794, n=16) | class_signal=0.0738 (min=0.0491 max=0.1027, n=16) | pred_rms=0.6238
2026-04-27 00:19:37,770 - INFO - Step   10600 | Epoch   1 | MSE: 0.4711 | Steps/sec: 3.16 | LR: 2.00e-04 | cos(c,null): +0.0113 | GradNorm: 0.0358 | MSE/t: [0.00-0.25]0.577(n=433) [0.25-0.50]0.519(n=1186) [0.50-0.75]0.421(n=1157) [0.75-1.00]0.366(n=424)
2026-04-27 00:19:38,322 - INFO - [cond] cfg_signal=0.0661 (min=0.0514 max=0.0863, n=16) | class_signal=0.0721 (min=0.0440 max=0.1164, n=16) | pred_rms=0.5973
2026-04-27 00:20:42,147 - INFO - Step   10800 | Epoch   1 | MSE: 0.4665 | Steps/sec: 3.13 | LR: 2.00e-04 | cos(c,null): +0.0103 | GradNorm: 0.0372 | MSE/t: [0.00-0.25]0.589(n=462) [0.25-0.50]0.505(n=1172) [0.50-0.75]0.408(n=1139) [0.75-1.00]0.385(n=427)
2026-04-27 00:20:42,644 - INFO - [cond] cfg_signal=0.0619 (min=0.0459 max=0.0784, n=16) | class_signal=0.0715 (min=0.0401 max=0.1152, n=16) | pred_rms=0.6038
2026-04-27 00:21:45,474 - INFO - Step   11000 | Epoch   1 | MSE: 0.4774 | Steps/sec: 3.18 | LR: 2.00e-04 | cos(c,null): +0.0075 | GradNorm: 0.0379 | MSE/t: [0.00-0.25]0.562(n=425) [0.25-0.50]0.538(n=1168) [0.50-0.75]0.420(n=1175) [0.75-1.00]0.386(n=432)
2026-04-27 00:21:45,983 - INFO - [cond] cfg_signal=0.0665 (min=0.0517 max=0.0830, n=16) | class_signal=0.0774 (min=0.0421 max=0.1248, n=16) | pred_rms=0.6268
2026-04-27 00:21:54,726 - INFO - [validation] saved: output/jit_JiT-B_8_kmeans_k103/dit_validation/epoch_001_step_0011000_class079.png (class=79, sampler=heun, steps=100)
2026-04-27 00:22:58,415 - INFO - Step   11200 | Epoch   1 | MSE: 0.4683 | Steps/sec: 2.76 | LR: 2.00e-04 | cos(c,null): +0.0067 | GradNorm: 0.0353 | MSE/t: [0.00-0.25]0.583(n=410) [0.25-0.50]0.507(n=1150) [0.50-0.75]0.424(n=1194) [0.75-1.00]0.382(n=446)
2026-04-27 00:22:58,934 - INFO - [cond] cfg_signal=0.0658 (min=0.0502 max=0.0781, n=16) | class_signal=0.0734 (min=0.0423 max=0.1082, n=16) | pred_rms=0.6146
2026-04-27 00:24:02,205 - INFO - Step   11400 | Epoch   1 | MSE: 0.4740 | Steps/sec: 3.16 | LR: 2.00e-04 | cos(c,null): +0.0088 | GradNorm: 0.0492 | MSE/t: [0.00-0.25]0.594(n=437) [0.25-0.50]0.517(n=1202) [0.50-0.75]0.419(n=1138) [0.75-1.00]0.377(n=423)
2026-04-27 00:24:02,733 - INFO - [cond] cfg_signal=0.0630 (min=0.0456 max=0.0771, n=16) | class_signal=0.0689 (min=0.0406 max=0.1000, n=16) | pred_rms=0.5427
2026-04-27 00:25:06,373 - INFO - Step   11600 | Epoch   1 | MSE: 0.4734 | Steps/sec: 3.14 | LR: 2.00e-04 | cos(c,null): +0.0105 | GradNorm: 0.0340 | MSE/t: [0.00-0.25]0.627(n=446) [0.25-0.50]0.508(n=1142) [0.50-0.75]0.421(n=1187) [0.75-1.00]0.365(n=425)
2026-04-27 00:25:06,880 - INFO - [cond] cfg_signal=0.0601 (min=0.0441 max=0.0741, n=16) | class_signal=0.0717 (min=0.0431 max=0.0966, n=16) | pred_rms=0.6324
2026-04-27 00:26:10,385 - INFO - Step   11800 | Epoch   1 | MSE: 0.4680 | Steps/sec: 3.15 | LR: 2.00e-04 | cos(c,null): +0.0117 | GradNorm: 0.0299 | MSE/t: [0.00-0.25]0.575(n=406) [0.25-0.50]0.518(n=1137) [0.50-0.75]0.422(n=1184) [0.75-1.00]0.373(n=473)
2026-04-27 00:26:10,876 - INFO - [cond] cfg_signal=0.0573 (min=0.0426 max=0.0712, n=16) | class_signal=0.0686 (min=0.0426 max=0.0889, n=16) | pred_rms=0.6211
2026-04-27 00:27:13,608 - INFO - Step   12000 | Epoch   1 | MSE: 0.4714 | Steps/sec: 3.19 | LR: 2.00e-04 | cos(c,null): +0.0129 | GradNorm: 0.0318 | MSE/t: [0.00-0.25]0.616(n=425) [0.25-0.50]0.502(n=1156) [0.50-0.75]0.416(n=1176) [0.75-1.00]0.399(n=443)
2026-04-27 00:27:14,190 - INFO - [cond] cfg_signal=0.0609 (min=0.0437 max=0.0765, n=16) | class_signal=0.0722 (min=0.0436 max=0.0973, n=16) | pred_rms=0.5930
2026-04-27 00:27:22,580 - INFO - [validation] saved: output/jit_JiT-B_8_kmeans_k103/dit_validation/epoch_001_step_0012000_class032.png (class=32, sampler=heun, steps=100)
2026-04-27 00:28:27,034 - INFO - Step   12200 | Epoch   1 | MSE: 0.4713 | Steps/sec: 2.75 | LR: 2.00e-04 | cos(c,null): +0.0137 | GradNorm: 0.0282 | MSE/t: [0.00-0.25]0.618(n=411) [0.25-0.50]0.509(n=1191) [0.50-0.75]0.420(n=1161) [0.75-1.00]0.368(n=437)
2026-04-27 00:28:27,553 - INFO - [cond] cfg_signal=0.0591 (min=0.0444 max=0.0696, n=16) | class_signal=0.0697 (min=0.0422 max=0.0997, n=16) | pred_rms=0.5974
2026-04-27 00:29:30,544 - INFO - Step   12400 | Epoch   1 | MSE: 0.4720 | Steps/sec: 3.18 | LR: 2.00e-04 | cos(c,null): +0.0118 | GradNorm: 0.0374 | MSE/t: [0.00-0.25]0.554(n=461) [0.25-0.50]0.525(n=1126) [0.50-0.75]0.426(n=1207) [0.75-1.00]0.367(n=406)
2026-04-27 00:29:31,087 - INFO - [cond] cfg_signal=0.0673 (min=0.0481 max=0.0936, n=16) | class_signal=0.0745 (min=0.0462 max=0.1038, n=16) | pred_rms=0.6321
2026-04-27 00:30:34,062 - INFO - Step   12600 | Epoch   1 | MSE: 0.4749 | Steps/sec: 3.18 | LR: 2.00e-04 | cos(c,null): +0.0110 | GradNorm: 0.0414 | MSE/t: [0.00-0.25]0.590(n=442) [0.25-0.50]0.512(n=1184) [0.50-0.75]0.431(n=1181) [0.75-1.00]0.366(n=393)
2026-04-27 00:30:34,576 - INFO - [cond] cfg_signal=0.0609 (min=0.0442 max=0.0829, n=16) | class_signal=0.0677 (min=0.0421 max=0.1008, n=16) | pred_rms=0.5803
2026-04-27 00:31:37,453 - INFO - Step   12800 | Epoch   1 | MSE: 0.4595 | Steps/sec: 3.18 | LR: 2.00e-04 | cos(c,null): +0.0121 | GradNorm: 0.0359 | MSE/t: [0.00-0.25]0.585(n=440) [0.25-0.50]0.488(n=1155) [0.50-0.75]0.417(n=1172) [0.75-1.00]0.371(n=433)
2026-04-27 00:31:37,954 - INFO - [cond] cfg_signal=0.0631 (min=0.0466 max=0.0779, n=16) | class_signal=0.0718 (min=0.0422 max=0.0952, n=16) | pred_rms=0.6051
2026-04-27 00:32:41,260 - INFO - Step   13000 | Epoch   1 | MSE: 0.4703 | Steps/sec: 3.16 | LR: 2.00e-04 | cos(c,null): +0.0139 | GradNorm: 0.0293 | MSE/t: [0.00-0.25]0.573(n=439) [0.25-0.50]0.528(n=1135) [0.50-0.75]0.417(n=1208) [0.75-1.00]0.359(n=418)
2026-04-27 00:32:41,762 - INFO - [cond] cfg_signal=0.0656 (min=0.0461 max=0.0830, n=16) | class_signal=0.0746 (min=0.0477 max=0.1048, n=16) | pred_rms=0.6240
2026-04-27 00:32:50,126 - INFO - [validation] saved: output/jit_JiT-B_8_kmeans_k103/dit_validation/epoch_001_step_0013000_class090.png (class=90, sampler=heun, steps=100)
2026-04-27 00:33:52,605 - INFO - Step   13200 | Epoch   1 | MSE: 0.4622 | Steps/sec: 2.82 | LR: 2.00e-04 | cos(c,null): +0.0149 | GradNorm: 0.0324 | MSE/t: [0.00-0.25]0.600(n=380) [0.25-0.50]0.497(n=1178) [0.50-0.75]0.419(n=1195) [0.75-1.00]0.367(n=447)
2026-04-27 00:33:53,109 - INFO - [cond] cfg_signal=0.0642 (min=0.0460 max=0.0833, n=16) | class_signal=0.0702 (min=0.0436 max=0.0930, n=16) | pred_rms=0.5942
2026-04-27 00:34:56,259 - INFO - Step   13400 | Epoch   1 | MSE: 0.4637 | Steps/sec: 3.17 | LR: 2.00e-04 | cos(c,null): +0.0164 | GradNorm: 0.0332 | MSE/t: [0.00-0.25]0.582(n=428) [0.25-0.50]0.510(n=1206) [0.50-0.75]0.408(n=1129) [0.75-1.00]0.364(n=437)
2026-04-27 00:34:56,821 - INFO - [cond] cfg_signal=0.0670 (min=0.0512 max=0.0904, n=16) | class_signal=0.0746 (min=0.0435 max=0.1049, n=16) | pred_rms=0.5846
2026-04-27 00:36:01,115 - INFO - Step   13600 | Epoch   1 | MSE: 0.4747 | Steps/sec: 3.11 | LR: 2.00e-04 | cos(c,null): +0.0185 | GradNorm: 0.0334 | MSE/t: [0.00-0.25]0.591(n=458) [0.25-0.50]0.514(n=1162) [0.50-0.75]0.421(n=1166) [0.75-1.00]0.389(n=414)
2026-04-27 00:36:01,623 - INFO - [cond] cfg_signal=0.0690 (min=0.0464 max=0.0965, n=16) | class_signal=0.0767 (min=0.0494 max=0.1107, n=16) | pred_rms=0.6032
2026-04-27 00:37:04,429 - INFO - Step   13800 | Epoch   1 | MSE: 0.4686 | Steps/sec: 3.18 | LR: 2.00e-04 | cos(c,null): +0.0196 | GradNorm: 0.0298 | MSE/t: [0.00-0.25]0.579(n=422) [0.25-0.50]0.528(n=1156) [0.50-0.75]0.409(n=1183) [0.75-1.00]0.367(n=439)
2026-04-27 00:37:04,936 - INFO - [cond] cfg_signal=0.0604 (min=0.0426 max=0.0743, n=16) | class_signal=0.0664 (min=0.0467 max=0.0926, n=16) | pred_rms=0.5977
2026-04-27 00:38:07,817 - INFO - Step   14000 | Epoch   1 | MSE: 0.4719 | Steps/sec: 3.18 | LR: 2.00e-04 | cos(c,null): +0.0215 | GradNorm: 0.0306 | MSE/t: [0.00-0.25]0.573(n=431) [0.25-0.50]0.527(n=1126) [0.50-0.75]0.419(n=1164) [0.75-1.00]0.381(n=479)
2026-04-27 00:38:08,358 - INFO - [cond] cfg_signal=0.0665 (min=0.0484 max=0.0942, n=16) | class_signal=0.0743 (min=0.0532 max=0.1042, n=16) | pred_rms=0.6090
2026-04-27 00:38:17,791 - INFO - [validation] saved: output/jit_JiT-B_8_kmeans_k103/dit_validation/epoch_001_step_0014000_class077.png (class=77, sampler=heun, steps=100)
2026-04-27 00:39:20,830 - INFO - Step   14200 | Epoch   1 | MSE: 0.4770 | Steps/sec: 2.76 | LR: 2.00e-04 | cos(c,null): +0.0250 | GradNorm: 0.0388 | MSE/t: [0.00-0.25]0.598(n=459) [0.25-0.50]0.520(n=1172) [0.50-0.75]0.430(n=1133) [0.75-1.00]0.358(n=436)
2026-04-27 00:39:21,652 - INFO - [cond] cfg_signal=0.0606 (min=0.0478 max=0.0866, n=16) | class_signal=0.0660 (min=0.0431 max=0.0812, n=16) | pred_rms=0.5967
2026-04-27 00:40:25,192 - INFO - Step   14400 | Epoch   1 | MSE: 0.4687 | Steps/sec: 3.15 | LR: 2.00e-04 | cos(c,null): +0.0278 | GradNorm: 0.0339 | MSE/t: [0.00-0.25]0.583(n=433) [0.25-0.50]0.521(n=1169) [0.50-0.75]0.412(n=1157) [0.75-1.00]0.367(n=441)
2026-04-27 00:40:25,701 - INFO - [cond] cfg_signal=0.0613 (min=0.0421 max=0.0854, n=16) | class_signal=0.0709 (min=0.0494 max=0.0849, n=16) | pred_rms=0.5944
2026-04-27 00:41:28,207 - INFO - Step   14600 | Epoch   1 | MSE: 0.4745 | Steps/sec: 3.20 | LR: 2.00e-04 | cos(c,null): +0.0289 | GradNorm: 0.0325 | MSE/t: [0.00-0.25]0.585(n=444) [0.25-0.50]0.517(n=1129) [0.50-0.75]0.427(n=1218) [0.75-1.00]0.378(n=409)
2026-04-27 00:41:28,714 - INFO - [cond] cfg_signal=0.0564 (min=0.0410 max=0.0710, n=16) | class_signal=0.0673 (min=0.0411 max=0.0915, n=16) | pred_rms=0.6269
2026-04-27 00:42:30,859 - INFO - Step   14800 | Epoch   1 | MSE: 0.4785 | Steps/sec: 3.22 | LR: 2.00e-04 | cos(c,null): +0.0312 | GradNorm: 0.0369 | MSE/t: [0.00-0.25]0.583(n=429) [0.25-0.50]0.516(n=1186) [0.50-0.75]0.437(n=1164) [0.75-1.00]0.380(n=421)
2026-04-27 00:42:31,365 - INFO - [cond] cfg_signal=0.0670 (min=0.0544 max=0.0836, n=16) | class_signal=0.0715 (min=0.0458 max=0.0879, n=16) | pred_rms=0.5988
2026-04-27 00:43:35,698 - INFO - Step   15000 | Epoch   1 | MSE: 0.4752 | Steps/sec: 3.11 | LR: 2.00e-04 | cos(c,null): +0.0311 | GradNorm: 0.0422 | MSE/t: [0.00-0.25]0.592(n=430) [0.25-0.50]0.528(n=1133) [0.50-0.75]0.419(n=1160) [0.75-1.00]0.383(n=477)
2026-04-27 00:43:36,211 - INFO - [cond] cfg_signal=0.0686 (min=0.0467 max=0.0965, n=16) | class_signal=0.0792 (min=0.0443 max=0.1166, n=16) | pred_rms=0.6267
2026-04-27 00:43:44,647 - INFO - [validation] saved: output/jit_JiT-B_8_kmeans_k103/dit_validation/epoch_001_step_0015000_class039.png (class=39, sampler=heun, steps=100)
2026-04-27 00:44:48,358 - INFO - Step   15200 | Epoch   1 | MSE: 0.4736 | Steps/sec: 2.77 | LR: 2.00e-04 | cos(c,null): +0.0275 | GradNorm: 0.0330 | MSE/t: [0.00-0.25]0.595(n=426) [0.25-0.50]0.511(n=1163) [0.50-0.75]0.422(n=1172) [0.75-1.00]0.394(n=439)
2026-04-27 00:44:48,893 - INFO - [cond] cfg_signal=0.0664 (min=0.0464 max=0.0879, n=16) | class_signal=0.0717 (min=0.0470 max=0.0932, n=16) | pred_rms=0.6040
2026-04-27 00:45:51,920 - INFO - Step   15400 | Epoch   1 | MSE: 0.4821 | Steps/sec: 3.17 | LR: 2.00e-04 | cos(c,null): +0.0292 | GradNorm: 0.0356 | MSE/t: [0.00-0.25]0.621(n=462) [0.25-0.50]0.523(n=1149) [0.50-0.75]0.420(n=1142) [0.75-1.00]0.392(n=447)
2026-04-27 00:45:52,470 - INFO - [cond] cfg_signal=0.0658 (min=0.0475 max=0.0827, n=16) | class_signal=0.0718 (min=0.0494 max=0.1017, n=16) | pred_rms=0.6422
2026-04-27 00:46:55,257 - INFO - Step   15600 | Epoch   1 | MSE: 0.4650 | Steps/sec: 3.19 | LR: 2.00e-04 | cos(c,null): +0.0313 | GradNorm: 0.0369 | MSE/t: [0.00-0.25]0.583(n=454) [0.25-0.50]0.506(n=1152) [0.50-0.75]0.410(n=1157) [0.75-1.00]0.381(n=437)
2026-04-27 00:46:55,762 - INFO - [cond] cfg_signal=0.0656 (min=0.0434 max=0.0835, n=16) | class_signal=0.0725 (min=0.0439 max=0.0960, n=16) | pred_rms=0.6217
2026-04-27 00:48:00,222 - INFO - Step   15800 | Epoch   1 | MSE: 0.4720 | Steps/sec: 3.10 | LR: 2.00e-04 | cos(c,null): +0.0338 | GradNorm: 0.0320 | MSE/t: [0.00-0.25]0.562(n=437) [0.25-0.50]0.513(n=1212) [0.50-0.75]0.431(n=1113) [0.75-1.00]0.372(n=438)
2026-04-27 00:48:00,723 - INFO - [cond] cfg_signal=0.0583 (min=0.0415 max=0.0730, n=16) | class_signal=0.0695 (min=0.0506 max=0.0830, n=16) | pred_rms=0.5914
2026-04-27 00:49:04,419 - INFO - Step   16000 | Epoch   2 | MSE: 0.4622 | Steps/sec: 3.14 | LR: 2.00e-04 | cos(c,null): +0.0361 | GradNorm: 0.0315 | MSE/t: [0.00-0.25]0.558(n=456) [0.25-0.50]0.507(n=1131) [0.50-0.75]0.403(n=1179) [0.75-1.00]0.405(n=434)
2026-04-27 00:49:04,918 - INFO - [cond] cfg_signal=0.0575 (min=0.0433 max=0.0712, n=16) | class_signal=0.0700 (min=0.0467 max=0.0910, n=16) | pred_rms=0.6220
2026-04-27 00:49:13,265 - INFO - [validation] saved: output/jit_JiT-B_8_kmeans_k103/dit_validation/epoch_002_step_0016000_class093.png (class=93, sampler=heun, steps=100)
2026-04-27 00:50:17,076 - INFO - Step   16200 | Epoch   2 | MSE: 0.4711 | Steps/sec: 2.77 | LR: 2.00e-04 | cos(c,null): +0.0364 | GradNorm: 0.0349 | MSE/t: [0.00-0.25]0.670(n=412) [0.25-0.50]0.489(n=1201) [0.50-0.75]0.413(n=1131) [0.75-1.00]0.389(n=456)
2026-04-27 00:50:17,620 - INFO - [cond] cfg_signal=0.0582 (min=0.0434 max=0.0781, n=16) | class_signal=0.0745 (min=0.0480 max=0.1018, n=16) | pred_rms=0.6057
2026-04-27 00:51:21,688 - INFO - Step   16400 | Epoch   2 | MSE: 0.4637 | Steps/sec: 3.12 | LR: 2.00e-04 | cos(c,null): +0.0365 | GradNorm: 0.0379 | MSE/t: [0.00-0.25]0.597(n=470) [0.25-0.50]0.502(n=1168) [0.50-0.75]0.403(n=1120) [0.75-1.00]0.373(n=442)
2026-04-27 00:51:22,218 - INFO - [cond] cfg_signal=0.0611 (min=0.0481 max=0.0828, n=16) | class_signal=0.0693 (min=0.0395 max=0.0917, n=16) | pred_rms=0.5991
2026-04-27 00:52:24,510 - INFO - Step   16600 | Epoch   2 | MSE: 0.4626 | Steps/sec: 3.21 | LR: 2.00e-04 | cos(c,null): +0.0378 | GradNorm: 0.0382 | MSE/t: [0.00-0.25]0.585(n=421) [0.25-0.50]0.510(n=1187) [0.50-0.75]0.412(n=1134) [0.75-1.00]0.354(n=458)
2026-04-27 00:52:25,049 - INFO - [cond] cfg_signal=0.0579 (min=0.0418 max=0.0730, n=16) | class_signal=0.0696 (min=0.0419 max=0.0945, n=16) | pred_rms=0.6044
2026-04-27 00:53:27,222 - INFO - Step   16800 | Epoch   2 | MSE: 0.4655 | Steps/sec: 3.22 | LR: 2.00e-04 | cos(c,null): +0.0386 | GradNorm: 0.0338 | MSE/t: [0.00-0.25]0.554(n=428) [0.25-0.50]0.518(n=1143) [0.50-0.75]0.418(n=1165) [0.75-1.00]0.372(n=464)
2026-04-27 00:53:27,735 - INFO - [cond] cfg_signal=0.0608 (min=0.0463 max=0.0895, n=16) | class_signal=0.0728 (min=0.0428 max=0.1093, n=16) | pred_rms=0.5964
2026-04-27 00:54:30,756 - INFO - Step   17000 | Epoch   2 | MSE: 0.4670 | Steps/sec: 3.17 | LR: 2.00e-04 | cos(c,null): +0.0402 | GradNorm: 0.0309 | MSE/t: [0.00-0.25]0.567(n=437) [0.25-0.50]0.511(n=1142) [0.50-0.75]0.420(n=1180) [0.75-1.00]0.379(n=441)
2026-04-27 00:54:31,283 - INFO - [cond] cfg_signal=0.0584 (min=0.0442 max=0.0766, n=16) | class_signal=0.0708 (min=0.0400 max=0.0916, n=16) | pred_rms=0.5934
2026-04-27 00:54:39,773 - INFO - [validation] saved: output/jit_JiT-B_8_kmeans_k103/dit_validation/epoch_002_step_0017000_class087.png (class=87, sampler=heun, steps=100)
2026-04-27 00:55:43,825 - INFO - Step   17200 | Epoch   2 | MSE: 0.4653 | Steps/sec: 2.76 | LR: 2.00e-04 | cos(c,null): +0.0421 | GradNorm: 0.0290 | MSE/t: [0.00-0.25]0.616(n=420) [0.25-0.50]0.509(n=1148) [0.50-0.75]0.409(n=1138) [0.75-1.00]0.365(n=494)
2026-04-27 00:55:44,326 - INFO - [cond] cfg_signal=0.0626 (min=0.0422 max=0.0831, n=16) | class_signal=0.0735 (min=0.0420 max=0.0923, n=16) | pred_rms=0.6013
2026-04-27 00:56:47,332 - INFO - Step   17400 | Epoch   2 | MSE: 0.4770 | Steps/sec: 3.17 | LR: 2.00e-04 | cos(c,null): +0.0464 | GradNorm: 0.0406 | MSE/t: [0.00-0.25]0.588(n=432) [0.25-0.50]0.515(n=1138) [0.50-0.75]0.436(n=1174) [0.75-1.00]0.382(n=456)
2026-04-27 00:56:47,862 - INFO - [cond] cfg_signal=0.0557 (min=0.0400 max=0.0790, n=16) | class_signal=0.0660 (min=0.0383 max=0.0910, n=16) | pred_rms=0.6016
2026-04-27 00:57:51,376 - INFO - Step   17600 | Epoch   2 | MSE: 0.4677 | Steps/sec: 3.15 | LR: 2.00e-04 | cos(c,null): +0.0478 | GradNorm: 0.0264 | MSE/t: [0.00-0.25]0.573(n=417) [0.25-0.50]0.502(n=1145) [0.50-0.75]0.432(n=1211) [0.75-1.00]0.372(n=427)
2026-04-27 00:57:51,921 - INFO - [cond] cfg_signal=0.0574 (min=0.0411 max=0.0776, n=16) | class_signal=0.0704 (min=0.0455 max=0.0900, n=16) | pred_rms=0.6123
2026-04-27 00:58:55,529 - INFO - Step   17800 | Epoch   2 | MSE: 0.4632 | Steps/sec: 3.14 | LR: 2.00e-04 | cos(c,null): +0.0495 | GradNorm: 0.0276 | MSE/t: [0.00-0.25]0.622(n=437) [0.25-0.50]0.509(n=1191) [0.50-0.75]0.397(n=1139) [0.75-1.00]0.350(n=433)
2026-04-27 00:58:56,062 - INFO - [cond] cfg_signal=0.0585 (min=0.0435 max=0.0728, n=16) | class_signal=0.0711 (min=0.0429 max=0.0896, n=16) | pred_rms=0.6454
2026-04-27 01:00:00,684 - INFO - Step   18000 | Epoch   2 | MSE: 0.4702 | Steps/sec: 3.10 | LR: 2.00e-04 | cos(c,null): +0.0500 | GradNorm: 0.0265 | MSE/t: [0.00-0.25]0.589(n=427) [0.25-0.50]0.511(n=1156) [0.50-0.75]0.426(n=1188) [0.75-1.00]0.365(n=429)
2026-04-27 01:00:01,203 - INFO - [cond] cfg_signal=0.0565 (min=0.0401 max=0.0746, n=16) | class_signal=0.0708 (min=0.0466 max=0.0893, n=16) | pred_rms=0.6145
2026-04-27 01:00:09,633 - INFO - [validation] saved: output/jit_JiT-B_8_kmeans_k103/dit_validation/epoch_002_step_0018000_class060.png (class=60, sampler=heun, steps=100)
2026-04-27 01:01:13,434 - INFO - Step   18200 | Epoch   2 | MSE: 0.4720 | Steps/sec: 2.77 | LR: 2.00e-04 | cos(c,null): +0.0520 | GradNorm: 0.0310 | MSE/t: [0.00-0.25]0.614(n=425) [0.25-0.50]0.525(n=1125) [0.50-0.75]0.410(n=1202) [0.75-1.00]0.369(n=448)
2026-04-27 01:01:13,972 - INFO - [cond] cfg_signal=0.0538 (min=0.0378 max=0.0698, n=16) | class_signal=0.0671 (min=0.0446 max=0.0855, n=16) | pred_rms=0.6081
2026-04-27 01:02:16,684 - INFO - Step   18400 | Epoch   2 | MSE: 0.4628 | Steps/sec: 3.19 | LR: 2.00e-04 | cos(c,null): +0.0513 | GradNorm: 0.0383 | MSE/t: [0.00-0.25]0.584(n=414) [0.25-0.50]0.506(n=1184) [0.50-0.75]0.417(n=1166) [0.75-1.00]0.353(n=436)
2026-04-27 01:02:17,185 - INFO - [cond] cfg_signal=0.0674 (min=0.0522 max=0.0905, n=16) | class_signal=0.0761 (min=0.0459 max=0.1000, n=16) | pred_rms=0.6333
2026-04-27 01:03:21,328 - INFO - Step   18600 | Epoch   2 | MSE: 0.4720 | Steps/sec: 3.12 | LR: 2.00e-04 | cos(c,null): +0.0469 | GradNorm: 0.0391 | MSE/t: [0.00-0.25]0.619(n=460) [0.25-0.50]0.508(n=1120) [0.50-0.75]0.423(n=1173) [0.75-1.00]0.360(n=447)
2026-04-27 01:03:21,823 - INFO - [cond] cfg_signal=0.0607 (min=0.0393 max=0.0861, n=16) | class_signal=0.0741 (min=0.0489 max=0.1149, n=16) | pred_rms=0.6074
2026-04-27 01:04:23,754 - INFO - Step   18800 | Epoch   2 | MSE: 0.4701 | Steps/sec: 3.23 | LR: 1.99e-04 | cos(c,null): +0.0495 | GradNorm: 0.0290 | MSE/t: [0.00-0.25]0.608(n=426) [0.25-0.50]0.515(n=1191) [0.50-0.75]0.408(n=1141) [0.75-1.00]0.376(n=442)
2026-04-27 01:04:24,291 - INFO - [cond] cfg_signal=0.0576 (min=0.0447 max=0.0779, n=16) | class_signal=0.0705 (min=0.0462 max=0.1119, n=16) | pred_rms=0.6370
2026-04-27 01:05:27,612 - INFO - Step   19000 | Epoch   2 | MSE: 0.4689 | Steps/sec: 3.16 | LR: 1.99e-04 | cos(c,null): +0.0517 | GradNorm: 0.0280 | MSE/t: [0.00-0.25]0.577(n=438) [0.25-0.50]0.524(n=1148) [0.50-0.75]0.411(n=1167) [0.75-1.00]0.374(n=447)
2026-04-27 01:05:28,118 - INFO - [cond] cfg_signal=0.0558 (min=0.0385 max=0.0723, n=16) | class_signal=0.0714 (min=0.0447 max=0.0961, n=16) | pred_rms=0.6197
2026-04-27 01:05:37,079 - INFO - [validation] saved: output/jit_JiT-B_8_kmeans_k103/dit_validation/epoch_002_step_0019000_class012.png (class=12, sampler=heun, steps=100)
2026-04-27 01:06:42,108 - INFO - Step   19200 | Epoch   2 | MSE: 0.4703 | Steps/sec: 2.70 | LR: 1.99e-04 | cos(c,null): +0.0543 | GradNorm: 0.0346 | MSE/t: [0.00-0.25]0.587(n=430) [0.25-0.50]0.520(n=1125) [0.50-0.75]0.408(n=1206) [0.75-1.00]0.398(n=439)
2026-04-27 01:06:42,630 - INFO - [cond] cfg_signal=0.0599 (min=0.0391 max=0.0767, n=16) | class_signal=0.0747 (min=0.0505 max=0.1053, n=16) | pred_rms=0.6169
2026-04-27 01:07:45,433 - INFO - Step   19400 | Epoch   2 | MSE: 0.4639 | Steps/sec: 3.18 | LR: 1.99e-04 | cos(c,null): +0.0543 | GradNorm: 0.0289 | MSE/t: [0.00-0.25]0.584(n=428) [0.25-0.50]0.518(n=1167) [0.50-0.75]0.402(n=1138) [0.75-1.00]0.369(n=467)
2026-04-27 01:07:45,977 - INFO - [cond] cfg_signal=0.0593 (min=0.0463 max=0.0764, n=16) | class_signal=0.0740 (min=0.0423 max=0.1038, n=16) | pred_rms=0.6224
2026-04-27 01:08:48,220 - INFO - Step   19600 | Epoch   2 | MSE: 0.4671 | Steps/sec: 3.21 | LR: 1.99e-04 | cos(c,null): +0.0558 | GradNorm: 0.0285 | MSE/t: [0.00-0.25]0.589(n=442) [0.25-0.50]0.502(n=1188) [0.50-0.75]0.420(n=1130) [0.75-1.00]0.371(n=440)
2026-04-27 01:08:48,729 - INFO - [cond] cfg_signal=0.0564 (min=0.0400 max=0.0732, n=16) | class_signal=0.0717 (min=0.0388 max=0.0938, n=16) | pred_rms=0.6183
2026-04-27 01:09:52,333 - INFO - Step   19800 | Epoch   2 | MSE: 0.4702 | Steps/sec: 3.14 | LR: 1.99e-04 | cos(c,null): +0.0562 | GradNorm: 0.0291 | MSE/t: [0.00-0.25]0.578(n=446) [0.25-0.50]0.519(n=1225) [0.50-0.75]0.412(n=1109) [0.75-1.00]0.367(n=420)
2026-04-27 01:09:52,871 - INFO - [cond] cfg_signal=0.0572 (min=0.0434 max=0.0793, n=16) | class_signal=0.0701 (min=0.0406 max=0.0892, n=16) | pred_rms=0.6095
2026-04-27 01:10:57,814 - INFO - Step   20000 | Epoch   2 | MSE: 0.4698 | Steps/sec: 3.08 | LR: 1.99e-04 | cos(c,null): +0.0590 | GradNorm: 0.0290 | MSE/t: [0.00-0.25]0.584(n=440) [0.25-0.50]0.518(n=1190) [0.50-0.75]0.413(n=1138) [0.75-1.00]0.372(n=432)
2026-04-27 01:10:58,326 - INFO - [cond] cfg_signal=0.0536 (min=0.0384 max=0.0740, n=16) | class_signal=0.0671 (min=0.0359 max=0.0866, n=16) | pred_rms=0.6100
2026-04-27 01:11:00,499 - INFO - Saved checkpoint to output/jit_JiT-B_8_kmeans_k103/0020000.pt
2026-04-27 01:11:00,971 - INFO - [cond] cfg_signal=0.0536 (min=0.0384 max=0.0740, n=16) | class_signal=0.0671 (min=0.0359 max=0.0866, n=16) | pred_rms=0.6100
2026-04-27 01:11:09,891 - INFO - [validation] saved: output/jit_JiT-B_8_kmeans_k103/dit_validation/epoch_002_step_0020000_class055.png (class=55, sampler=heun, steps=100)
2026-04-27 01:12:14,309 - INFO - Step   20200 | Epoch   2 | MSE: 0.4616 | Steps/sec: 2.63 | LR: 1.99e-04 | cos(c,null): +0.0595 | GradNorm: 0.0255 | MSE/t: [0.00-0.25]0.610(n=453) [0.25-0.50]0.497(n=1142) [0.50-0.75]0.402(n=1165) [0.75-1.00]0.376(n=440)
2026-04-27 01:12:14,841 - INFO - [cond] cfg_signal=0.0556 (min=0.0398 max=0.0713, n=16) | class_signal=0.0715 (min=0.0425 max=0.0900, n=16) | pred_rms=0.5961
2026-04-27 01:13:18,264 - INFO - Step   20400 | Epoch   2 | MSE: 0.4636 | Steps/sec: 3.15 | LR: 1.99e-04 | cos(c,null): +0.0611 | GradNorm: 0.0329 | MSE/t: [0.00-0.25]0.599(n=428) [0.25-0.50]0.507(n=1152) [0.50-0.75]0.411(n=1161) [0.75-1.00]0.362(n=459)
2026-04-27 01:13:18,767 - INFO - [cond] cfg_signal=0.0581 (min=0.0378 max=0.0809, n=16) | class_signal=0.0735 (min=0.0407 max=0.0988, n=16) | pred_rms=0.6100
2026-04-27 01:14:23,503 - INFO - Step   20600 | Epoch   2 | MSE: 0.4678 | Steps/sec: 3.09 | LR: 1.99e-04 | cos(c,null): +0.0628 | GradNorm: 0.0293 | MSE/t: [0.00-0.25]0.585(n=434) [0.25-0.50]0.503(n=1173) [0.50-0.75]0.416(n=1157) [0.75-1.00]0.393(n=436)
2026-04-27 01:14:24,012 - INFO - [cond] cfg_signal=0.0584 (min=0.0415 max=0.0851, n=16) | class_signal=0.0741 (min=0.0442 max=0.0971, n=16) | pred_rms=0.6084
2026-04-27 01:15:28,511 - INFO - Step   20800 | Epoch   2 | MSE: 0.4839 | Steps/sec: 3.10 | LR: 1.99e-04 | cos(c,null): +0.0711 | GradNorm: 0.0642 | MSE/t: [0.00-0.25]0.583(n=431) [0.25-0.50]0.521(n=1176) [0.50-0.75]0.448(n=1169) [0.75-1.00]0.377(n=424)
2026-04-27 01:15:29,037 - INFO - [cond] cfg_signal=0.0592 (min=0.0362 max=0.0851, n=16) | class_signal=0.0749 (min=0.0390 max=0.1065, n=16) | pred_rms=0.5908
2026-04-27 01:16:32,507 - INFO - Step   21000 | Epoch   2 | MSE: 0.4811 | Steps/sec: 3.15 | LR: 1.99e-04 | cos(c,null): +0.0740 | GradNorm: 0.0320 | MSE/t: [0.00-0.25]0.643(n=476) [0.25-0.50]0.513(n=1101) [0.50-0.75]0.423(n=1188) [0.75-1.00]0.383(n=435)
2026-04-27 01:16:32,999 - INFO - [cond] cfg_signal=0.0571 (min=0.0382 max=0.0768, n=16) | class_signal=0.0727 (min=0.0393 max=0.0984, n=16) | pred_rms=0.6313
2026-04-27 01:16:41,471 - INFO - [validation] saved: output/jit_JiT-B_8_kmeans_k103/dit_validation/epoch_002_step_0021000_class078.png (class=78, sampler=heun, steps=100)
W0427 01:17:24.324000 1564624 torch/distributed/elastic/agent/server/api.py:739] Received Signals.SIGTERM death signal, shutting down workers
W0427 01:17:24.327000 1564624 torch/distributed/elastic/multiprocessing/api.py:1012] Sending process 1564750 closing signal SIGTERM
W0427 01:17:24.329000 1564624 torch/distributed/elastic/multiprocessing/api.py:1012] Sending process 1564751 closing signal SIGTERM
Traceback (most recent call last):
  File "/home/hmolin/3DGen-Playground/.3dgen/bin/accelerate", line 8, in <module>
    sys.exit(main())
  File "/home/hmolin/3DGen-Playground/.3dgen/lib/python3.10/site-packages/accelerate/commands/accelerate_cli.py", line 50, in main
    args.func(args)
  File "/home/hmolin/3DGen-Playground/.3dgen/lib/python3.10/site-packages/accelerate/commands/launch.py", line 1396, in launch_command
    multi_gpu_launcher(args)
  File "/home/hmolin/3DGen-Playground/.3dgen/lib/python3.10/site-packages/accelerate/commands/launch.py", line 1023, in multi_gpu_launcher
    distrib_run.run(args)
  File "/home/hmolin/3DGen-Playground/.3dgen/lib/python3.10/site-packages/torch/distributed/run.py", line 981, in run
    elastic_launch(
  File "/home/hmolin/3DGen-Playground/.3dgen/lib/python3.10/site-packages/torch/distributed/launcher/api.py", line 170, in __call__
    return launch_agent(self._config, self._entrypoint, list(args))
  File "/home/hmolin/3DGen-Playground/.3dgen/lib/python3.10/site-packages/torch/distributed/launcher/api.py", line 308, in launch_agent
    result = agent.run()
  File "/home/hmolin/3DGen-Playground/.3dgen/lib/python3.10/site-packages/torch/distributed/elastic/metrics/api.py", line 134, in wrapper
    result = f(*args, **kwargs)
  File "/home/hmolin/3DGen-Playground/.3dgen/lib/python3.10/site-packages/torch/distributed/elastic/agent/server/api.py", line 731, in run
    result = self._invoke_run(role)
  File "/home/hmolin/3DGen-Playground/.3dgen/lib/python3.10/site-packages/torch/distributed/elastic/agent/server/api.py", line 908, in _invoke_run
    time.sleep(monitor_interval)
  File "/home/hmolin/3DGen-Playground/.3dgen/lib/python3.10/site-packages/torch/distributed/elastic/multiprocessing/api.py", line 86, in _terminate_process_handler
    raise SignalException(f"Process {os.getpid()} got signal: {sigval}", sigval=sigval)
torch.distributed.elastic.multiprocessing.api.SignalException: Process 1564624 got signal: 15
